// Jest Snapshot v1, https://goo.gl/fbAQLP

exports[`constants should not be changed 1`] = `"@redux-tools/reducers/ROOT_KEY"`;
